77.97.236.232 - - [18/May/2016:11:32:58 +0500] "GET /?fl=uno HTTP/1.1" 200 4961 "-" "Mozilla/5.0 (X11; Linux x86_64) AppleWebKit/537.36 (KHTML, like Gecko) Chrome/50.0.2661.102 Safari/537.36"
213.101.94.164 - - [18/May/2016:11:32:58 +0500] "GET /?fl=iiyt HTTP/1.1" 200 4961 "-" "Mozilla/5.0 (IE 11.0; Windows NT 6.3; Trident/7.0; .NET4.0E; .NET4.0C; rv:11.0) like Gecko"
77.97.236.232 - - [18/May/2016:11:32:58 +0500] "GET /icons/apache_pb.gif HTTP/1.1" 200 2326 "http://ctf-ufa.ru/" "Mozilla/5.0 (X11; Linux x86_64) AppleWebKit/537.36 (KHTML, like Gecko) Chrome/50.0.2661.102 Safari/537.36"
213.101.94.164 - - [18/May/2016:11:32:58 +0500] "GET /icons/apache_pb.gif HTTP/1.1" 200 2326 "http://ctf-ufa.ru/" "Mozilla/5.0 (IE 11.0; Windows NT 6.3; Trident/7.0; .NET4.0E; .NET4.0C; rv:11.0) like Gecko"
77.97.236.232 - - [18/May/2016:11:32:58 +0500] "GET /icons/poweredby.png HTTP/1.1" 200 3956 "http://ctf-ufa.ru/" "Mozilla/5.0 (X11; Linux x86_64) AppleWebKit/537.36 (KHTML, like Gecko) Chrome/50.0.2661.102 Safari/537.36"
123.95.40.43 - - [18/May/2016:11:32:58 +0500] "GET /?ag=qday HTTP/1.1" 200 4961 "-" "Mozilla/5.0 (Windows NT 6.1; WOW64; Trident/7.0; AS; rv:11.0) like Gecko"
213.101.94.164 - - [18/May/2016:11:32:58 +0500] "GET /icons/poweredby.png HTTP/1.1" 200 3956 "http://ctf-ufa.ru/" "Mozilla/5.0 (IE 11.0; Windows NT 6.3; Trident/7.0; .NET4.0E; .NET4.0C; rv:11.0) like Gecko"
123.95.40.43 - - [18/May/2016:11:32:58 +0500] "GET /icons/apache_pb.gif HTTP/1.1" 200 2326 "http://ctf-ufa.ru/" "Mozilla/5.0 (Windows NT 6.1; WOW64; Trident/7.0; AS; rv:11.0) like Gecko"
123.95.40.43 - - [18/May/2016:11:32:58 +0500] "GET /icons/poweredby.png HTTP/1.1" 200 3956 "http://ctf-ufa.ru/" "Mozilla/5.0 (Windows NT 6.1; WOW64; Trident/7.0; AS; rv:11.0) like Gecko"
87.88.132.66 - - [18/May/2016:11:32:58 +0500] "GET /?ag=iirg HTTP/1.1" 200 4961 "-" "Mozilla/5.0 (Windows NT 6.1; WOW64; Trident/7.0; AS; rv:11.0) like Gecko"
235.145.84.200 - - [18/May/2016:11:32:58 +0500] "GET /?ag=tmw HTTP/1.1" 200 4961 "-" "Mozilla/5.0 (iPad; CPU OS 5_1 like Mac OS X) AppleWebKit/534.46 (KHTML, like Gecko ) Version/5.1 Mobile/9B176 Safari/7534.48.3"
87.88.132.66 - - [18/May/2016:11:32:58 +0500] "GET /icons/apache_pb.gif HTTP/1.1" 200 2326 "http://ctf-ufa.ru/" "Mozilla/5.0 (Windows NT 6.1; WOW64; Trident/7.0; AS; rv:11.0) like Gecko"
229.72.94.144 - - [18/May/2016:11:32:58 +0500] "GET /?ag=vnc HTTP/1.1" 200 4961 "-" "curl/7.19.7 (x86_64-redhat-linux-gnu) libcurl/7.19.7 NSS/3.19.1 Basic ECC zlib/1.2.3 libidn/1.18 libssh2/1.4.2"
87.88.132.66 - - [18/May/2016:11:32:58 +0500] "GET /icons/poweredby.png HTTP/1.1" 200 3956 "http://ctf-ufa.ru/" "Mozilla/5.0 (Windows NT 6.1; WOW64; Trident/7.0; AS; rv:11.0) like Gecko"
48.192.250.231 - - [18/May/2016:11:32:58 +0500] "GET /?fl=rle HTTP/1.1" 200 4961 "-" "curl/7.19.7 (x86_64-redhat-linux-gnu) libcurl/7.19.7 NSS/3.19.1 Basic ECC zlib/1.2.3 libidn/1.18 libssh2/1.4.2"
229.72.94.144 - - [18/May/2016:11:32:58 +0500] "GET /icons/apache_pb.gif HTTP/1.1" 200 2326 "http://ctf-ufa.ru/" "curl/7.19.7 (x86_64-redhat-linux-gnu) libcurl/7.19.7 NSS/3.19.1 Basic ECC zlib/1.2.3 libidn/1.18 libssh2/1.4.2"
229.72.94.144 - - [18/May/2016:11:32:58 +0500] "GET /icons/poweredby.png HTTP/1.1" 200 3956 "http://ctf-ufa.ru/" "curl/7.19.7 (x86_64-redhat-linux-gnu) libcurl/7.19.7 NSS/3.19.1 Basic ECC zlib/1.2.3 libidn/1.18 libssh2/1.4.2"
235.145.84.200 - - [18/May/2016:11:32:58 +0500] "GET /icons/apache_pb.gif HTTP/1.1" 200 2326 "http://ctf-ufa.ru/" "Mozilla/5.0 (iPad; CPU OS 5_1 like Mac OS X) AppleWebKit/534.46 (KHTML, like Gecko ) Version/5.1 Mobile/9B176 Safari/7534.48.3"
235.145.84.200 - - [18/May/2016:11:32:58 +0500] "GET /icons/poweredby.png HTTP/1.1" 200 3956 "http://ctf-ufa.ru/" "Mozilla/5.0 (iPad; CPU OS 5_1 like Mac OS X) AppleWebKit/534.46 (KHTML, like Gecko ) Version/5.1 Mobile/9B176 Safari/7534.48.3"
46.173.5.35 - - [18/May/2016:11:32:58 +0500] "GET /?ag=pgs HTTP/1.1" 200 4961 "-" "Mozilla/4.0 (compatible; MSIE 6.1; Windows XP; .NET CLR 1.1.4322; .NET CLR 2.0.50727)"
48.192.250.231 - - [18/May/2016:11:32:58 +0500] "GET /icons/apache_pb.gif HTTP/1.1" 200 2326 "http://ctf-ufa.ru/" "curl/7.19.7 (x86_64-redhat-linux-gnu) libcurl/7.19.7 NSS/3.19.1 Basic ECC zlib/1.2.3 libidn/1.18 libssh2/1.4.2"
48.192.250.231 - - [18/May/2016:11:32:58 +0500] "GET /icons/poweredby.png HTTP/1.1" 200 3956 "http://ctf-ufa.ru/" "curl/7.19.7 (x86_64-redhat-linux-gnu) libcurl/7.19.7 NSS/3.19.1 Basic ECC zlib/1.2.3 libidn/1.18 libssh2/1.4.2"
46.173.5.35 - - [18/May/2016:11:32:58 +0500] "GET /icons/apache_pb.gif HTTP/1.1" 200 2326 "http://ctf-ufa.ru/" "Mozilla/4.0 (compatible; MSIE 6.1; Windows XP; .NET CLR 1.1.4322; .NET CLR 2.0.50727)"
46.173.5.35 - - [18/May/2016:11:32:58 +0500] "GET /icons/poweredby.png HTTP/1.1" 200 3956 "http://ctf-ufa.ru/" "Mozilla/4.0 (compatible; MSIE 6.1; Windows XP; .NET CLR 1.1.4322; .NET CLR 2.0.50727)"
9.220.44.158 - - [18/May/2016:11:32:58 +0500] "GET /?ag=soj HTTP/1.1" 200 4961 "-" "Mozilla/5.0 (Macintosh; Intel Mac OS X 10_10_1) AppleWebKit/537.36 (KHTML, like Gecko) Chrome/41.0.2227.1 Safari/537.36"
242.76.210.25 - - [18/May/2016:11:32:58 +0500] "GET /?ag=dlb HTTP/1.1" 200 4961 "-" "Mozilla/5.0 (Macintosh; Intel Mac OS X 10_10_1) AppleWebKit/537.36 (KHTML, like Gecko) Chrome/41.0.2227.1 Safari/537.36"
32.34.117.75 - - [18/May/2016:11:32:58 +0500] "GET /?ag=bcic HTTP/1.1" 200 4961 "-" "Mozilla/5.0 (Linux; U; Android 2.3.5; zh-cn; HTC_IncredibleS_S710e Build/GRJ90) AppleWebKit/533.1 (KHTML, like Gecko) Version/4.0 Mobile Safari/533.1"
9.220.44.158 - - [18/May/2016:11:32:58 +0500] "GET /icons/apache_pb.gif HTTP/1.1" 200 2326 "http://ctf-ufa.ru/" "Mozilla/5.0 (Macintosh; Intel Mac OS X 10_10_1) AppleWebKit/537.36 (KHTML, like Gecko) Chrome/41.0.2227.1 Safari/537.36"
242.76.210.25 - - [18/May/2016:11:32:58 +0500] "GET /icons/apache_pb.gif HTTP/1.1" 200 2326 "http://ctf-ufa.ru/" "Mozilla/5.0 (Macintosh; Intel Mac OS X 10_10_1) AppleWebKit/537.36 (KHTML, like Gecko) Chrome/41.0.2227.1 Safari/537.36"
213.86.101.203 - - [18/May/2016:11:32:58 +0500] "GET /?fl=tnmb HTTP/1.1" 200 4961 "-" "Mozilla/5.0 (Linux; Android 5.1.1; Nexus 5 Build/LMY48B; wv) AppleWebKit/537.36 (KHTML, like Gecko) Version/4.0 Chrome/43.0.2357.65 Mobile Safari/537.36"
242.76.210.25 - - [18/May/2016:11:32:58 +0500] "GET /icons/poweredby.png HTTP/1.1" 200 3956 "http://ctf-ufa.ru/" "Mozilla/5.0 (Macintosh; Intel Mac OS X 10_10_1) AppleWebKit/537.36 (KHTML, like Gecko) Chrome/41.0.2227.1 Safari/537.36"
9.220.44.158 - - [18/May/2016:11:32:58 +0500] "GET /icons/poweredby.png HTTP/1.1" 200 3956 "http://ctf-ufa.ru/" "Mozilla/5.0 (Macintosh; Intel Mac OS X 10_10_1) AppleWebKit/537.36 (KHTML, like Gecko) Chrome/41.0.2227.1 Safari/537.36"
32.34.117.75 - - [18/May/2016:11:32:58 +0500] "GET /icons/apache_pb.gif HTTP/1.1" 200 2326 "http://ctf-ufa.ru/" "Mozilla/5.0 (Linux; U; Android 2.3.5; zh-cn; HTC_IncredibleS_S710e Build/GRJ90) AppleWebKit/533.1 (KHTML, like Gecko) Version/4.0 Mobile Safari/533.1"
32.34.117.75 - - [18/May/2016:11:32:58 +0500] "GET /icons/poweredby.png HTTP/1.1" 200 3956 "http://ctf-ufa.ru/" "Mozilla/5.0 (Linux; U; Android 2.3.5; zh-cn; HTC_IncredibleS_S710e Build/GRJ90) AppleWebKit/533.1 (KHTML, like Gecko) Version/4.0 Mobile Safari/533.1"
213.86.101.203 - - [18/May/2016:11:32:58 +0500] "GET /icons/apache_pb.gif HTTP/1.1" 200 2326 "http://ctf-ufa.ru/" "Mozilla/5.0 (Linux; Android 5.1.1; Nexus 5 Build/LMY48B; wv) AppleWebKit/537.36 (KHTML, like Gecko) Version/4.0 Chrome/43.0.2357.65 Mobile Safari/537.36"
213.86.101.203 - - [18/May/2016:11:32:58 +0500] "GET /icons/poweredby.png HTTP/1.1" 200 3956 "http://ctf-ufa.ru/" "Mozilla/5.0 (Linux; Android 5.1.1; Nexus 5 Build/LMY48B; wv) AppleWebKit/537.36 (KHTML, like Gecko) Version/4.0 Chrome/43.0.2357.65 Mobile Safari/537.36"
216.184.24.116 - - [18/May/2016:11:32:58 +0500] "GET /?fl=inj HTTP/1.1" 200 4961 "-" "curl/7.19.7 (x86_64-redhat-linux-gnu) libcurl/7.19.7 NSS/3.19.1 Basic ECC zlib/1.2.3 libidn/1.18 libssh2/1.4.2"
216.184.24.116 - - [18/May/2016:11:32:58 +0500] "GET /icons/apache_pb.gif HTTP/1.1" 200 2326 "http://ctf-ufa.ru/" "curl/7.19.7 (x86_64-redhat-linux-gnu) libcurl/7.19.7 NSS/3.19.1 Basic ECC zlib/1.2.3 libidn/1.18 libssh2/1.4.2"
216.184.24.116 - - [18/May/2016:11:32:58 +0500] "GET /icons/poweredby.png HTTP/1.1" 200 3956 "http://ctf-ufa.ru/" "curl/7.19.7 (x86_64-redhat-linux-gnu) libcurl/7.19.7 NSS/3.19.1 Basic ECC zlib/1.2.3 libidn/1.18 libssh2/1.4.2"
140.27.181.119 - - [18/May/2016:11:32:58 +0500] "GET /?fl=iidp HTTP/1.1" 200 4961 "-" "Mozilla/4.0 (compatible; MSIE 6.1; Windows XP; .NET CLR 1.1.4322; .NET CLR 2.0.50727)"
140.27.181.119 - - [18/May/2016:11:32:58 +0500] "GET /icons/apache_pb.gif HTTP/1.1" 200 2326 "http://ctf-ufa.ru/" "Mozilla/4.0 (compatible; MSIE 6.1; Windows XP; .NET CLR 1.1.4322; .NET CLR 2.0.50727)"
140.27.181.119 - - [18/May/2016:11:32:58 +0500] "GET /icons/poweredby.png HTTP/1.1" 200 3956 "http://ctf-ufa.ru/" "Mozilla/4.0 (compatible; MSIE 6.1; Windows XP; .NET CLR 1.1.4322; .NET CLR 2.0.50727)"
207.192.111.221 - - [18/May/2016:11:32:58 +0500] "GET /?fl=rhv HTTP/1.1" 200 4961 "-" "Mozilla/4.0 (Windows;  MSIE 6.0;  Windows NT 5.1;  SV1; .NET CLR 2.0.50727)"
141.91.162.73 - - [18/May/2016:11:32:58 +0500] "GET /?ag=uiu HTTP/1.1" 200 4961 "-" "Mozilla/5.0 (iPhone; U; CPU iPhone OS 5_1_1 like Mac OS X; en) AppleWebKit/534.46.0 (KHTML, like Gecko) CriOS/19.0.1084.60 Mobile/9B206 Safari/7534.48.3"
207.192.111.221 - - [18/May/2016:11:32:58 +0500] "GET /icons/apache_pb.gif HTTP/1.1" 200 2326 "http://ctf-ufa.ru/" "Mozilla/4.0 (Windows;  MSIE 6.0;  Windows NT 5.1;  SV1; .NET CLR 2.0.50727)"
207.192.111.221 - - [18/May/2016:11:32:58 +0500] "GET /icons/poweredby.png HTTP/1.1" 200 3956 "http://ctf-ufa.ru/" "Mozilla/4.0 (Windows;  MSIE 6.0;  Windows NT 5.1;  SV1; .NET CLR 2.0.50727)"
156.192.6.60 - - [18/May/2016:11:32:58 +0500] "GET /?fl=ijl HTTP/1.1" 200 4961 "-" "Mozilla/5.0 (Macintosh; Intel Mac OS X 10_9_3) AppleWebKit/537.75.14 (KHTML, like Gecko) Version/7.0.3 Safari/7046A194A"
100.77.185.165 - - [18/May/2016:11:32:58 +0500] "GET /?ag=tamd HTTP/1.1" 200 4961 "-" "Mozilla/5.0 (Macintosh; Intel Mac OS X 10_9_3) AppleWebKit/537.75.14 (KHTML, like Gecko) Version/7.0.3 Safari/7046A194A"
141.91.162.73 - - [18/May/2016:11:32:58 +0500] "GET /icons/apache_pb.gif HTTP/1.1" 200 2326 "http://ctf-ufa.ru/" "Mozilla/5.0 (iPhone; U; CPU iPhone OS 5_1_1 like Mac OS X; en) AppleWebKit/534.46.0 (KHTML, like Gecko) CriOS/19.0.1084.60 Mobile/9B206 Safari/7534.48.3"
141.91.162.73 - - [18/May/2016:11:32:58 +0500] "GET /icons/poweredby.png HTTP/1.1" 200 3956 "http://ctf-ufa.ru/" "Mozilla/5.0 (iPhone; U; CPU iPhone OS 5_1_1 like Mac OS X; en) AppleWebKit/534.46.0 (KHTML, like Gecko) CriOS/19.0.1084.60 Mobile/9B206 Safari/7534.48.3"
156.192.6.60 - - [18/May/2016:11:32:58 +0500] "GET /icons/apache_pb.gif HTTP/1.1" 200 2326 "http://ctf-ufa.ru/" "Mozilla/5.0 (Macintosh; Intel Mac OS X 10_9_3) AppleWebKit/537.75.14 (KHTML, like Gecko) Version/7.0.3 Safari/7046A194A"
3.183.201.79 - - [18/May/2016:11:32:58 +0500] "GET /?fl=ojp HTTP/1.1" 200 4961 "-" "Mozilla/5.0 (Windows NT 6.1; WOW64; rv:40.0) Gecko/20100101 Firefox/40.1"
100.77.185.165 - - [18/May/2016:11:32:58 +0500] "GET /icons/apache_pb.gif HTTP/1.1" 200 2326 "http://ctf-ufa.ru/" "Mozilla/5.0 (Macintosh; Intel Mac OS X 10_9_3) AppleWebKit/537.75.14 (KHTML, like Gecko) Version/7.0.3 Safari/7046A194A"
156.192.6.60 - - [18/May/2016:11:32:58 +0500] "GET /icons/poweredby.png HTTP/1.1" 200 3956 "http://ctf-ufa.ru/" "Mozilla/5.0 (Macintosh; Intel Mac OS X 10_9_3) AppleWebKit/537.75.14 (KHTML, like Gecko) Version/7.0.3 Safari/7046A194A"
114.93.30.65 - - [18/May/2016:11:32:58 +0500] "GET /?ag=iiuc HTTP/1.1" 200 4961 "-" "Mozilla/5.0 (Linux; U; Android 2.3.5; zh-cn; HTC_IncredibleS_S710e Build/GRJ90) AppleWebKit/533.1 (KHTML, like Gecko) Version/4.0 Mobile Safari/533.1"
100.77.185.165 - - [18/May/2016:11:32:58 +0500] "GET /icons/poweredby.png HTTP/1.1" 200 3956 "http://ctf-ufa.ru/" "Mozilla/5.0 (Macintosh; Intel Mac OS X 10_9_3) AppleWebKit/537.75.14 (KHTML, like Gecko) Version/7.0.3 Safari/7046A194A"
3.183.201.79 - - [18/May/2016:11:32:58 +0500] "GET /icons/apache_pb.gif HTTP/1.1" 200 2326 "http://ctf-ufa.ru/" "Mozilla/5.0 (Windows NT 6.1; WOW64; rv:40.0) Gecko/20100101 Firefox/40.1"
3.183.201.79 - - [18/May/2016:11:32:58 +0500] "GET /icons/poweredby.png HTTP/1.1" 200 3956 "http://ctf-ufa.ru/" "Mozilla/5.0 (Windows NT 6.1; WOW64; rv:40.0) Gecko/20100101 Firefox/40.1"
244.149.189.34 - - [18/May/2016:11:32:59 +0500] "GET /?ag=vor HTTP/1.1" 200 4961 "-" "Mozilla/5.0 (Windows NT 10.0; WOW64; rv:40.0) Gecko/20100101 Firefox/40.0"
114.93.30.65 - - [18/May/2016:11:32:59 +0500] "GET /icons/apache_pb.gif HTTP/1.1" 200 2326 "http://ctf-ufa.ru/" "Mozilla/5.0 (Linux; U; Android 2.3.5; zh-cn; HTC_IncredibleS_S710e Build/GRJ90) AppleWebKit/533.1 (KHTML, like Gecko) Version/4.0 Mobile Safari/533.1"
238.43.96.249 - - [18/May/2016:11:32:59 +0500] "GET /?ag=waam HTTP/1.1" 200 4961 "-" "Mozilla/5.0 (IE 11.0; Windows NT 6.3; Trident/7.0; .NET4.0E; .NET4.0C; rv:11.0) like Gecko"
114.93.30.65 - - [18/May/2016:11:32:59 +0500] "GET /icons/poweredby.png HTTP/1.1" 200 3956 "http://ctf-ufa.ru/" "Mozilla/5.0 (Linux; U; Android 2.3.5; zh-cn; HTC_IncredibleS_S710e Build/GRJ90) AppleWebKit/533.1 (KHTML, like Gecko) Version/4.0 Mobile Safari/533.1"
164.158.115.13 - - [18/May/2016:11:32:59 +0500] "GET /?ag=hov HTTP/1.1" 200 4961 "-" "Mozilla/5.0 (Linux; U; Android 4.0.3; ko-kr; LG-L160L Build/IML74K) AppleWebkit/534.30 (KHTML, like Gecko) Version/4.0 Mobile Safari/534.30"
244.149.189.34 - - [18/May/2016:11:32:59 +0500] "GET /icons/apache_pb.gif HTTP/1.1" 200 2326 "http://ctf-ufa.ru/" "Mozilla/5.0 (Windows NT 10.0; WOW64; rv:40.0) Gecko/20100101 Firefox/40.0"
244.149.189.34 - - [18/May/2016:11:32:59 +0500] "GET /icons/poweredby.png HTTP/1.1" 200 3956 "http://ctf-ufa.ru/" "Mozilla/5.0 (Windows NT 10.0; WOW64; rv:40.0) Gecko/20100101 Firefox/40.0"
238.43.96.249 - - [18/May/2016:11:32:59 +0500] "GET /icons/apache_pb.gif HTTP/1.1" 200 2326 "http://ctf-ufa.ru/" "Mozilla/5.0 (IE 11.0; Windows NT 6.3; Trident/7.0; .NET4.0E; .NET4.0C; rv:11.0) like Gecko"
238.43.96.249 - - [18/May/2016:11:32:59 +0500] "GET /icons/poweredby.png HTTP/1.1" 200 3956 "http://ctf-ufa.ru/" "Mozilla/5.0 (IE 11.0; Windows NT 6.3; Trident/7.0; .NET4.0E; .NET4.0C; rv:11.0) like Gecko"
164.158.115.13 - - [18/May/2016:11:32:59 +0500] "GET /icons/apache_pb.gif HTTP/1.1" 200 2326 "http://ctf-ufa.ru/" "Mozilla/5.0 (Linux; U; Android 4.0.3; ko-kr; LG-L160L Build/IML74K) AppleWebkit/534.30 (KHTML, like Gecko) Version/4.0 Mobile Safari/534.30"
164.158.115.13 - - [18/May/2016:11:32:59 +0500] "GET /icons/poweredby.png HTTP/1.1" 200 3956 "http://ctf-ufa.ru/" "Mozilla/5.0 (Linux; U; Android 4.0.3; ko-kr; LG-L160L Build/IML74K) AppleWebkit/534.30 (KHTML, like Gecko) Version/4.0 Mobile Safari/534.30"
220.110.53.105 - - [18/May/2016:11:32:59 +0500] "GET /?fl=nui HTTP/1.1" 200 4961 "-" "Mozilla/5.0 (X11; Linux x86_64) AppleWebKit/537.36 (KHTML, like Gecko) Chrome/50.0.2661.102 Safari/537.36"
9.144.228.182 - - [18/May/2016:11:32:59 +0500] "GET /?ag=kxl HTTP/1.1" 200 4961 "-" "Mozilla/5.0 (X11; Linux x86_64) AppleWebKit/537.36 (KHTML, like Gecko) Chrome/50.0.2661.102 Safari/537.36"
220.110.53.105 - - [18/May/2016:11:32:59 +0500] "GET /icons/apache_pb.gif HTTP/1.1" 200 2326 "http://ctf-ufa.ru/" "Mozilla/5.0 (X11; Linux x86_64) AppleWebKit/537.36 (KHTML, like Gecko) Chrome/50.0.2661.102 Safari/537.36"
220.110.53.105 - - [18/May/2016:11:32:59 +0500] "GET /icons/poweredby.png HTTP/1.1" 200 3956 "http://ctf-ufa.ru/" "Mozilla/5.0 (X11; Linux x86_64) AppleWebKit/537.36 (KHTML, like Gecko) Chrome/50.0.2661.102 Safari/537.36"
9.144.228.182 - - [18/May/2016:11:32:59 +0500] "GET /icons/apache_pb.gif HTTP/1.1" 200 2326 "http://ctf-ufa.ru/" "Mozilla/5.0 (X11; Linux x86_64) AppleWebKit/537.36 (KHTML, like Gecko) Chrome/50.0.2661.102 Safari/537.36"
9.144.228.182 - - [18/May/2016:11:32:59 +0500] "GET /icons/poweredby.png HTTP/1.1" 200 3956 "http://ctf-ufa.ru/" "Mozilla/5.0 (X11; Linux x86_64) AppleWebKit/537.36 (KHTML, like Gecko) Chrome/50.0.2661.102 Safari/537.36"
57.221.69.63 - - [18/May/2016:11:32:59 +0500] "GET /?fl=hco HTTP/1.1" 200 4961 "-" "Mozilla/4.0 (Compatible; Windows NT 5.1; MSIE 6.0) (compatible; MSIE 6.0; Windows NT 5.1; .NET CLR 1.1.4322; .NET CLR 2.0.50727)"
218.154.114.42 - - [18/May/2016:11:32:59 +0500] "GET /?fl=wfc HTTP/1.1" 200 4961 "-" "Mozilla/4.0 (Compatible; Windows NT 5.1; MSIE 6.0) (compatible; MSIE 6.0; Windows NT 5.1; .NET CLR 1.1.4322; .NET CLR 2.0.50727)"
57.221.69.63 - - [18/May/2016:11:32:59 +0500] "GET /icons/apache_pb.gif HTTP/1.1" 200 2326 "http://ctf-ufa.ru/" "Mozilla/4.0 (Compatible; Windows NT 5.1; MSIE 6.0) (compatible; MSIE 6.0; Windows NT 5.1; .NET CLR 1.1.4322; .NET CLR 2.0.50727)"
94.248.220.83 - - [18/May/2016:11:32:59 +0500] "GET /?ag=nqh HTTP/1.1" 200 4961 "-" "curl/7.19.7 (x86_64-redhat-linux-gnu) libcurl/7.19.7 NSS/3.19.1 Basic ECC zlib/1.2.3 libidn/1.18 libssh2/1.4.2"
57.221.69.63 - - [18/May/2016:11:32:59 +0500] "GET /icons/poweredby.png HTTP/1.1" 200 3956 "http://ctf-ufa.ru/" "Mozilla/4.0 (Compatible; Windows NT 5.1; MSIE 6.0) (compatible; MSIE 6.0; Windows NT 5.1; .NET CLR 1.1.4322; .NET CLR 2.0.50727)"
218.154.114.42 - - [18/May/2016:11:32:59 +0500] "GET /icons/apache_pb.gif HTTP/1.1" 200 2326 "http://ctf-ufa.ru/" "Mozilla/4.0 (Compatible; Windows NT 5.1; MSIE 6.0) (compatible; MSIE 6.0; Windows NT 5.1; .NET CLR 1.1.4322; .NET CLR 2.0.50727)"
168.129.113.16 - - [18/May/2016:11:32:59 +0500] "GET /?fl=hnxc HTTP/1.1" 200 4961 "-" "Mozilla/5.0 (IE 11.0; Windows NT 6.3; Trident/7.0; .NET4.0E; .NET4.0C; rv:11.0) like Gecko"
218.154.114.42 - - [18/May/2016:11:32:59 +0500] "GET /icons/poweredby.png HTTP/1.1" 200 3956 "http://ctf-ufa.ru/" "Mozilla/4.0 (Compatible; Windows NT 5.1; MSIE 6.0) (compatible; MSIE 6.0; Windows NT 5.1; .NET CLR 1.1.4322; .NET CLR 2.0.50727)"
94.248.220.83 - - [18/May/2016:11:32:59 +0500] "GET /icons/apache_pb.gif HTTP/1.1" 200 2326 "http://ctf-ufa.ru/" "curl/7.19.7 (x86_64-redhat-linux-gnu) libcurl/7.19.7 NSS/3.19.1 Basic ECC zlib/1.2.3 libidn/1.18 libssh2/1.4.2"
94.248.220.83 - - [18/May/2016:11:32:59 +0500] "GET /icons/poweredby.png HTTP/1.1" 200 3956 "http://ctf-ufa.ru/" "curl/7.19.7 (x86_64-redhat-linux-gnu) libcurl/7.19.7 NSS/3.19.1 Basic ECC zlib/1.2.3 libidn/1.18 libssh2/1.4.2"
168.129.113.16 - - [18/May/2016:11:32:59 +0500] "GET /icons/apache_pb.gif HTTP/1.1" 200 2326 "http://ctf-ufa.ru/" "Mozilla/5.0 (IE 11.0; Windows NT 6.3; Trident/7.0; .NET4.0E; .NET4.0C; rv:11.0) like Gecko"
228.116.71.237 - - [18/May/2016:11:32:59 +0500] "GET /?ag=ctaq HTTP/1.1" 200 4961 "-" "Mozilla/5.0 (Windows NT 10.0) AppleWebKit/537.36 (KHTML, like Gecko) Chrome/40.0.2214.93 Safari/537.36"
168.129.113.16 - - [18/May/2016:11:32:59 +0500] "GET /icons/poweredby.png HTTP/1.1" 200 3956 "http://ctf-ufa.ru/" "Mozilla/5.0 (IE 11.0; Windows NT 6.3; Trident/7.0; .NET4.0E; .NET4.0C; rv:11.0) like Gecko"
228.116.71.237 - - [18/May/2016:11:32:59 +0500] "GET /icons/apache_pb.gif HTTP/1.1" 200 2326 "http://ctf-ufa.ru/" "Mozilla/5.0 (Windows NT 10.0) AppleWebKit/537.36 (KHTML, like Gecko) Chrome/40.0.2214.93 Safari/537.36"
228.116.71.237 - - [18/May/2016:11:32:59 +0500] "GET /icons/poweredby.png HTTP/1.1" 200 3956 "http://ctf-ufa.ru/" "Mozilla/5.0 (Windows NT 10.0) AppleWebKit/537.36 (KHTML, like Gecko) Chrome/40.0.2214.93 Safari/537.36"
101.80.169.231 - - [18/May/2016:11:32:59 +0500] "GET /?fl=nbh HTTP/1.1" 200 4961 "-" "Mozilla/4.0 (Windows;  MSIE 6.0;  Windows NT 5.1;  SV1; .NET CLR 2.0.50727)"
190.206.192.99 - - [18/May/2016:11:32:59 +0500] "GET /?fl=bcel HTTP/1.1" 200 4961 "-" "Mozilla/5.0 (Linux; Android 5.1.1; Nexus 5 Build/LMY48B; wv) AppleWebKit/537.36 (KHTML, like Gecko) Version/4.0 Chrome/43.0.2357.65 Mobile Safari/537.36"
156.225.180.201 - - [18/May/2016:11:32:59 +0500] "GET /?fl=dro HTTP/1.1" 200 4961 "-" "Mozilla/4.0 (Compatible; Windows NT 5.1; MSIE 6.0) (compatible; MSIE 6.0; Windows NT 5.1; .NET CLR 1.1.4322; .NET CLR 2.0.50727)"
101.80.169.231 - - [18/May/2016:11:32:59 +0500] "GET /icons/apache_pb.gif HTTP/1.1" 200 2326 "http://ctf-ufa.ru/" "Mozilla/4.0 (Windows;  MSIE 6.0;  Windows NT 5.1;  SV1; .NET CLR 2.0.50727)"
187.82.179.111 - - [18/May/2016:11:32:59 +0500] "GET /?ag=dkg HTTP/1.1" 200 4961 "-" "Mozilla/4.0 (compatible; MSIE 6.1; Windows XP; .NET CLR 1.1.4322; .NET CLR 2.0.50727)"
101.80.169.231 - - [18/May/2016:11:32:59 +0500] "GET /icons/poweredby.png HTTP/1.1" 200 3956 "http://ctf-ufa.ru/" "Mozilla/4.0 (Windows;  MSIE 6.0;  Windows NT 5.1;  SV1; .NET CLR 2.0.50727)"
190.206.192.99 - - [18/May/2016:11:32:59 +0500] "GET /icons/apache_pb.gif HTTP/1.1" 200 2326 "http://ctf-ufa.ru/" "Mozilla/5.0 (Linux; Android 5.1.1; Nexus 5 Build/LMY48B; wv) AppleWebKit/537.36 (KHTML, like Gecko) Version/4.0 Chrome/43.0.2357.65 Mobile Safari/537.36"
156.225.180.201 - - [18/May/2016:11:32:59 +0500] "GET /icons/apache_pb.gif HTTP/1.1" 200 2326 "http://ctf-ufa.ru/" "Mozilla/4.0 (Compatible; Windows NT 5.1; MSIE 6.0) (compatible; MSIE 6.0; Windows NT 5.1; .NET CLR 1.1.4322; .NET CLR 2.0.50727)"
190.206.192.99 - - [18/May/2016:11:32:59 +0500] "GET /icons/poweredby.png HTTP/1.1" 200 3956 "http://ctf-ufa.ru/" "Mozilla/5.0 (Linux; Android 5.1.1; Nexus 5 Build/LMY48B; wv) AppleWebKit/537.36 (KHTML, like Gecko) Version/4.0 Chrome/43.0.2357.65 Mobile Safari/537.36"
156.225.180.201 - - [18/May/2016:11:32:59 +0500] "GET /icons/poweredby.png HTTP/1.1" 200 3956 "http://ctf-ufa.ru/" "Mozilla/4.0 (Compatible; Windows NT 5.1; MSIE 6.0) (compatible; MSIE 6.0; Windows NT 5.1; .NET CLR 1.1.4322; .NET CLR 2.0.50727)"
187.82.179.111 - - [18/May/2016:11:32:59 +0500] "GET /icons/apache_pb.gif HTTP/1.1" 200 2326 "http://ctf-ufa.ru/" "Mozilla/4.0 (compatible; MSIE 6.1; Windows XP; .NET CLR 1.1.4322; .NET CLR 2.0.50727)"
187.82.179.111 - - [18/May/2016:11:32:59 +0500] "GET /icons/poweredby.png HTTP/1.1" 200 3956 "http://ctf-ufa.ru/" "Mozilla/4.0 (compatible; MSIE 6.1; Windows XP; .NET CLR 1.1.4322; .NET CLR 2.0.50727)"
61.207.170.62 - - [18/May/2016:11:32:59 +0500] "GET /?fl=xfp HTTP/1.1" 200 4961 "-" "Mozilla/5.0 (Macintosh; Intel Mac OS X 10_10_1) AppleWebKit/537.36 (KHTML, like Gecko) Chrome/41.0.2227.1 Safari/537.36"
12.197.127.39 - - [18/May/2016:11:32:59 +0500] "GET /?ag=qjl HTTP/1.1" 200 4961 "-" "Mozilla/5.0 (Macintosh; Intel Mac OS X 10_9_3) AppleWebKit/537.75.14 (KHTML, like Gecko) Version/7.0.3 Safari/7046A194A"
61.207.170.62 - - [18/May/2016:11:32:59 +0500] "GET /icons/apache_pb.gif HTTP/1.1" 200 2326 "http://ctf-ufa.ru/" "Mozilla/5.0 (Macintosh; Intel Mac OS X 10_10_1) AppleWebKit/537.36 (KHTML, like Gecko) Chrome/41.0.2227.1 Safari/537.36"
61.207.170.62 - - [18/May/2016:11:32:59 +0500] "GET /icons/poweredby.png HTTP/1.1" 200 3956 "http://ctf-ufa.ru/" "Mozilla/5.0 (Macintosh; Intel Mac OS X 10_10_1) AppleWebKit/537.36 (KHTML, like Gecko) Chrome/41.0.2227.1 Safari/537.36"
25.43.74.104 - - [18/May/2016:11:32:59 +0500] "GET /?fl=oyx HTTP/1.1" 200 4961 "-" "Mozilla/5.0 (X11; Linux i686; rv:30.0) Gecko/20100101 Firefox/30.0"
12.197.127.39 - - [18/May/2016:11:32:59 +0500] "GET /icons/apache_pb.gif HTTP/1.1" 200 2326 "http://ctf-ufa.ru/" "Mozilla/5.0 (Macintosh; Intel Mac OS X 10_9_3) AppleWebKit/537.75.14 (KHTML, like Gecko) Version/7.0.3 Safari/7046A194A"
12.197.127.39 - - [18/May/2016:11:32:59 +0500] "GET /icons/poweredby.png HTTP/1.1" 200 3956 "http://ctf-ufa.ru/" "Mozilla/5.0 (Macintosh; Intel Mac OS X 10_9_3) AppleWebKit/537.75.14 (KHTML, like Gecko) Version/7.0.3 Safari/7046A194A"
3.210.14.39 - - [18/May/2016:11:32:59 +0500] "GET /?fl=gcl HTTP/1.1" 200 4961 "-" "Mozilla/4.0 (Windows;  MSIE 6.0;  Windows NT 5.1;  SV1; .NET CLR 2.0.50727)"
115.67.245.15 - - [18/May/2016:11:32:59 +0500] "GET /?fl=ifgh HTTP/1.1" 200 4961 "-" "Mozilla/5.0 (iPad; CPU OS 5_1 like Mac OS X) AppleWebKit/534.46 (KHTML, like Gecko ) Version/5.1 Mobile/9B176 Safari/7534.48.3"
25.43.74.104 - - [18/May/2016:11:32:59 +0500] "GET /icons/apache_pb.gif HTTP/1.1" 200 2326 "http://ctf-ufa.ru/" "Mozilla/5.0 (X11; Linux i686; rv:30.0) Gecko/20100101 Firefox/30.0"
25.43.74.104 - - [18/May/2016:11:32:59 +0500] "GET /icons/poweredby.png HTTP/1.1" 200 3956 "http://ctf-ufa.ru/" "Mozilla/5.0 (X11; Linux i686; rv:30.0) Gecko/20100101 Firefox/30.0"
3.210.14.39 - - [18/May/2016:11:32:59 +0500] "GET /icons/apache_pb.gif HTTP/1.1" 200 2326 "http://ctf-ufa.ru/" "Mozilla/4.0 (Windows;  MSIE 6.0;  Windows NT 5.1;  SV1; .NET CLR 2.0.50727)"
3.210.14.39 - - [18/May/2016:11:32:59 +0500] "GET /icons/poweredby.png HTTP/1.1" 200 3956 "http://ctf-ufa.ru/" "Mozilla/4.0 (Windows;  MSIE 6.0;  Windows NT 5.1;  SV1; .NET CLR 2.0.50727)"
236.125.128.210 - - [18/May/2016:11:32:59 +0500] "GET /?ag=usn HTTP/1.1" 200 4961 "-" "Mozilla/5.0 (Linux; U; Android 4.0.3; ko-kr; LG-L160L Build/IML74K) AppleWebkit/534.30 (KHTML, like Gecko) Version/4.0 Mobile Safari/534.30"
115.67.245.15 - - [18/May/2016:11:32:59 +0500] "GET /icons/apache_pb.gif HTTP/1.1" 200 2326 "http://ctf-ufa.ru/" "Mozilla/5.0 (iPad; CPU OS 5_1 like Mac OS X) AppleWebKit/534.46 (KHTML, like Gecko ) Version/5.1 Mobile/9B176 Safari/7534.48.3"
115.67.245.15 - - [18/May/2016:11:32:59 +0500] "GET /icons/poweredby.png HTTP/1.1" 200 3956 "http://ctf-ufa.ru/" "Mozilla/5.0 (iPad; CPU OS 5_1 like Mac OS X) AppleWebKit/534.46 (KHTML, like Gecko ) Version/5.1 Mobile/9B176 Safari/7534.48.3"
236.125.128.210 - - [18/May/2016:11:32:59 +0500] "GET /icons/apache_pb.gif HTTP/1.1" 200 2326 "http://ctf-ufa.ru/" "Mozilla/5.0 (Linux; U; Android 4.0.3; ko-kr; LG-L160L Build/IML74K) AppleWebkit/534.30 (KHTML, like Gecko) Version/4.0 Mobile Safari/534.30"
236.125.128.210 - - [18/May/2016:11:32:59 +0500] "GET /icons/poweredby.png HTTP/1.1" 200 3956 "http://ctf-ufa.ru/" "Mozilla/5.0 (Linux; U; Android 4.0.3; ko-kr; LG-L160L Build/IML74K) AppleWebkit/534.30 (KHTML, like Gecko) Version/4.0 Mobile Safari/534.30"
176.248.167.15 - - [18/May/2016:11:32:59 +0500] "GET /?ag=wagy HTTP/1.1" 200 4961 "-" "Mozilla/4.0 (Windows;  MSIE 6.0;  Windows NT 5.1;  SV1; .NET CLR 2.0.50727)"
176.248.167.15 - - [18/May/2016:11:32:59 +0500] "GET /icons/apache_pb.gif HTTP/1.1" 200 2326 "http://ctf-ufa.ru/" "Mozilla/4.0 (Windows;  MSIE 6.0;  Windows NT 5.1;  SV1; .NET CLR 2.0.50727)"
176.248.167.15 - - [18/May/2016:11:32:59 +0500] "GET /icons/poweredby.png HTTP/1.1" 200 3956 "http://ctf-ufa.ru/" "Mozilla/4.0 (Windows;  MSIE 6.0;  Windows NT 5.1;  SV1; .NET CLR 2.0.50727)"
135.32.22.18 - - [18/May/2016:11:32:59 +0500] "GET /?fl=fog HTTP/1.1" 200 4961 "-" "Mozilla/5.0 (Windows NT 6.1; WOW64; rv:40.0) Gecko/20100101 Firefox/40.1"
245.97.132.1 - - [18/May/2016:11:32:59 +0500] "GET /?ag=hai HTTP/1.1" 200 4961 "-" "Mozilla/5.0 (Windows NT 6.1; WOW64; rv:40.0) Gecko/20100101 Firefox/40.1"
205.75.109.214 - - [18/May/2016:11:32:59 +0500] "GET /?ag=hupw HTTP/1.1" 200 4961 "-" "Mozilla/4.0 (Windows;  MSIE 6.0;  Windows NT 5.1;  SV1; .NET CLR 2.0.50727)"
183.185.177.142 - - [18/May/2016:11:32:59 +0500] "GET /?fl=unl HTTP/1.1" 200 4961 "-" "Mozilla/5.0 (iPhone; U; CPU iPhone OS 5_1_1 like Mac OS X; en) AppleWebKit/534.46.0 (KHTML, like Gecko) CriOS/19.0.1084.60 Mobile/9B206 Safari/7534.48.3"
135.32.22.18 - - [18/May/2016:11:32:59 +0500] "GET /icons/apache_pb.gif HTTP/1.1" 200 2326 "http://ctf-ufa.ru/" "Mozilla/5.0 (Windows NT 6.1; WOW64; rv:40.0) Gecko/20100101 Firefox/40.1"
135.32.22.18 - - [18/May/2016:11:32:59 +0500] "GET /icons/poweredby.png HTTP/1.1" 200 3956 "http://ctf-ufa.ru/" "Mozilla/5.0 (Windows NT 6.1; WOW64; rv:40.0) Gecko/20100101 Firefox/40.1"
246.51.102.40 - - [18/May/2016:11:32:59 +0500] "GET /?ag=igw HTTP/1.1" 200 4961 "-" "Mozilla/5.0 (Linux; U; Android 2.3.5; zh-cn; HTC_IncredibleS_S710e Build/GRJ90) AppleWebKit/533.1 (KHTML, like Gecko) Version/4.0 Mobile Safari/533.1"
245.97.132.1 - - [18/May/2016:11:32:59 +0500] "GET /icons/apache_pb.gif HTTP/1.1" 200 2326 "http://ctf-ufa.ru/" "Mozilla/5.0 (Windows NT 6.1; WOW64; rv:40.0) Gecko/20100101 Firefox/40.1"
183.185.177.142 - - [18/May/2016:11:32:59 +0500] "GET /icons/apache_pb.gif HTTP/1.1" 200 2326 "http://ctf-ufa.ru/" "Mozilla/5.0 (iPhone; U; CPU iPhone OS 5_1_1 like Mac OS X; en) AppleWebKit/534.46.0 (KHTML, like Gecko) CriOS/19.0.1084.60 Mobile/9B206 Safari/7534.48.3"
245.97.132.1 - - [18/May/2016:11:32:59 +0500] "GET /icons/poweredby.png HTTP/1.1" 200 3956 "http://ctf-ufa.ru/" "Mozilla/5.0 (Windows NT 6.1; WOW64; rv:40.0) Gecko/20100101 Firefox/40.1"
5.51.134.76 - - [18/May/2016:11:32:59 +0500] "GET /?ag=jax HTTP/1.1" 200 4961 "-" "Mozilla/5.0 (Linux; Android 5.1.1; Nexus 5 Build/LMY48B; wv) AppleWebKit/537.36 (KHTML, like Gecko) Version/4.0 Chrome/43.0.2357.65 Mobile Safari/537.36"
183.185.177.142 - - [18/May/2016:11:32:59 +0500] "GET /icons/poweredby.png HTTP/1.1" 200 3956 "http://ctf-ufa.ru/" "Mozilla/5.0 (iPhone; U; CPU iPhone OS 5_1_1 like Mac OS X; en) AppleWebKit/534.46.0 (KHTML, like Gecko) CriOS/19.0.1084.60 Mobile/9B206 Safari/7534.48.3"
205.75.109.214 - - [18/May/2016:11:32:59 +0500] "GET /icons/apache_pb.gif HTTP/1.1" 200 2326 "http://ctf-ufa.ru/" "Mozilla/4.0 (Windows;  MSIE 6.0;  Windows NT 5.1;  SV1; .NET CLR 2.0.50727)"
205.75.109.214 - - [18/May/2016:11:32:59 +0500] "GET /icons/poweredby.png HTTP/1.1" 200 3956 "http://ctf-ufa.ru/" "Mozilla/4.0 (Windows;  MSIE 6.0;  Windows NT 5.1;  SV1; .NET CLR 2.0.50727)"
246.51.102.40 - - [18/May/2016:11:32:59 +0500] "GET /icons/apache_pb.gif HTTP/1.1" 200 2326 "http://ctf-ufa.ru/" "Mozilla/5.0 (Linux; U; Android 2.3.5; zh-cn; HTC_IncredibleS_S710e Build/GRJ90) AppleWebKit/533.1 (KHTML, like Gecko) Version/4.0 Mobile Safari/533.1"
5.51.134.76 - - [18/May/2016:11:32:59 +0500] "GET /icons/apache_pb.gif HTTP/1.1" 200 2326 "http://ctf-ufa.ru/" "Mozilla/5.0 (Linux; Android 5.1.1; Nexus 5 Build/LMY48B; wv) AppleWebKit/537.36 (KHTML, like Gecko) Version/4.0 Chrome/43.0.2357.65 Mobile Safari/537.36"
246.51.102.40 - - [18/May/2016:11:32:59 +0500] "GET /icons/poweredby.png HTTP/1.1" 200 3956 "http://ctf-ufa.ru/" "Mozilla/5.0 (Linux; U; Android 2.3.5; zh-cn; HTC_IncredibleS_S710e Build/GRJ90) AppleWebKit/533.1 (KHTML, like Gecko) Version/4.0 Mobile Safari/533.1"
5.51.134.76 - - [18/May/2016:11:32:59 +0500] "GET /icons/poweredby.png HTTP/1.1" 200 3956 "http://ctf-ufa.ru/" "Mozilla/5.0 (Linux; Android 5.1.1; Nexus 5 Build/LMY48B; wv) AppleWebKit/537.36 (KHTML, like Gecko) Version/4.0 Chrome/43.0.2357.65 Mobile Safari/537.36"
233.32.194.230 - - [18/May/2016:11:32:59 +0500] "GET /?ag=jwkj HTTP/1.1" 200 4961 "-" "Mozilla/5.0 (X11; Linux i686; rv:30.0) Gecko/20100101 Firefox/30.0"
245.29.71.58 - - [18/May/2016:11:32:59 +0500] "GET /?fl=ckm HTTP/1.1" 200 4961 "-" "Mozilla/4.0 (Compatible; Windows NT 5.1; MSIE 6.0) (compatible; MSIE 6.0; Windows NT 5.1; .NET CLR 1.1.4322; .NET CLR 2.0.50727)"
124.3.142.108 - - [18/May/2016:11:32:59 +0500] "GET /?fl=frt HTTP/1.1" 200 4961 "-" "Mozilla/5.0 (Windows NT 6.1; WOW64; Trident/7.0; AS; rv:11.0) like Gecko"
49.51.215.71 - - [18/May/2016:11:32:59 +0500] "GET /?ag=yfa HTTP/1.1" 200 4961 "-" "Mozilla/5.0 (X11; Linux i686; rv:30.0) Gecko/20100101 Firefox/30.0"
124.3.142.108 - - [18/May/2016:11:32:59 +0500] "GET /icons/apache_pb.gif HTTP/1.1" 200 2326 "http://ctf-ufa.ru/" "Mozilla/5.0 (Windows NT 6.1; WOW64; Trident/7.0; AS; rv:11.0) like Gecko"
245.29.71.58 - - [18/May/2016:11:32:59 +0500] "GET /icons/apache_pb.gif HTTP/1.1" 200 2326 "http://ctf-ufa.ru/" "Mozilla/4.0 (Compatible; Windows NT 5.1; MSIE 6.0) (compatible; MSIE 6.0; Windows NT 5.1; .NET CLR 1.1.4322; .NET CLR 2.0.50727)"
233.32.194.230 - - [18/May/2016:11:32:59 +0500] "GET /icons/apache_pb.gif HTTP/1.1" 200 2326 "http://ctf-ufa.ru/" "Mozilla/5.0 (X11; Linux i686; rv:30.0) Gecko/20100101 Firefox/30.0"
124.3.142.108 - - [18/May/2016:11:32:59 +0500] "GET /icons/poweredby.png HTTP/1.1" 200 3956 "http://ctf-ufa.ru/" "Mozilla/5.0 (Windows NT 6.1; WOW64; Trident/7.0; AS; rv:11.0) like Gecko"
245.29.71.58 - - [18/May/2016:11:32:59 +0500] "GET /icons/poweredby.png HTTP/1.1" 200 3956 "http://ctf-ufa.ru/" "Mozilla/4.0 (Compatible; Windows NT 5.1; MSIE 6.0) (compatible; MSIE 6.0; Windows NT 5.1; .NET CLR 1.1.4322; .NET CLR 2.0.50727)"
233.32.194.230 - - [18/May/2016:11:32:59 +0500] "GET /icons/poweredby.png HTTP/1.1" 200 3956 "http://ctf-ufa.ru/" "Mozilla/5.0 (X11; Linux i686; rv:30.0) Gecko/20100101 Firefox/30.0"
243.247.220.247 - - [18/May/2016:11:32:59 +0500] "GET /?fl=mpj HTTP/1.1" 200 4961 "-" "Mozilla/5.0 (Windows NT 6.1; WOW64; rv:40.0) Gecko/20100101 Firefox/40.1"
49.51.215.71 - - [18/May/2016:11:32:59 +0500] "GET /icons/apache_pb.gif HTTP/1.1" 200 2326 "http://ctf-ufa.ru/" "Mozilla/5.0 (X11; Linux i686; rv:30.0) Gecko/20100101 Firefox/30.0"
49.51.215.71 - - [18/May/2016:11:32:59 +0500] "GET /icons/poweredby.png HTTP/1.1" 200 3956 "http://ctf-ufa.ru/" "Mozilla/5.0 (X11; Linux i686; rv:30.0) Gecko/20100101 Firefox/30.0"
243.247.220.247 - - [18/May/2016:11:32:59 +0500] "GET /icons/apache_pb.gif HTTP/1.1" 200 2326 "http://ctf-ufa.ru/" "Mozilla/5.0 (Windows NT 6.1; WOW64; rv:40.0) Gecko/20100101 Firefox/40.1"
243.247.220.247 - - [18/May/2016:11:32:59 +0500] "GET /icons/poweredby.png HTTP/1.1" 200 3956 "http://ctf-ufa.ru/" "Mozilla/5.0 (Windows NT 6.1; WOW64; rv:40.0) Gecko/20100101 Firefox/40.1"
77.165.103.197 - - [18/May/2016:11:32:59 +0500] "GET /?fl=squb HTTP/1.1" 200 4961 "-" "Mozilla/5.0 (X11; Linux x86_64; rv:17.0) Gecko/20121202 Firefox/17.0 Iceweasel/17.0.1"
77.165.103.197 - - [18/May/2016:11:32:59 +0500] "GET /icons/apache_pb.gif HTTP/1.1" 200 2326 "http://ctf-ufa.ru/" "Mozilla/5.0 (X11; Linux x86_64; rv:17.0) Gecko/20121202 Firefox/17.0 Iceweasel/17.0.1"
77.165.103.197 - - [18/May/2016:11:32:59 +0500] "GET /icons/poweredby.png HTTP/1.1" 200 3956 "http://ctf-ufa.ru/" "Mozilla/5.0 (X11; Linux x86_64; rv:17.0) Gecko/20121202 Firefox/17.0 Iceweasel/17.0.1"
52.149.189.15 - - [18/May/2016:11:32:59 +0500] "GET /?ag=bpci HTTP/1.1" 200 4961 "-" "Mozilla/5.0 (Windows NT 10.0) AppleWebKit/537.36 (KHTML, like Gecko) Chrome/40.0.2214.93 Safari/537.36"
52.149.189.15 - - [18/May/2016:11:32:59 +0500] "GET /icons/apache_pb.gif HTTP/1.1" 200 2326 "http://ctf-ufa.ru/" "Mozilla/5.0 (Windows NT 10.0) AppleWebKit/537.36 (KHTML, like Gecko) Chrome/40.0.2214.93 Safari/537.36"
52.149.189.15 - - [18/May/2016:11:32:59 +0500] "GET /icons/poweredby.png HTTP/1.1" 200 3956 "http://ctf-ufa.ru/" "Mozilla/5.0 (Windows NT 10.0) AppleWebKit/537.36 (KHTML, like Gecko) Chrome/40.0.2214.93 Safari/537.36"
62.203.123.130 - - [18/May/2016:11:32:59 +0500] "GET /?fl=mypl HTTP/1.1" 200 4961 "-" "Mozilla/5.0 (Windows NT 6.1; WOW64; rv:40.0) Gecko/20100101 Firefox/40.1"
192.94.220.253 - - [18/May/2016:11:32:59 +0500] "GET /?fl=hqux HTTP/1.1" 200 4961 "-" "Mozilla/5.0 (iPad; CPU OS 5_1 like Mac OS X) AppleWebKit/534.46 (KHTML, like Gecko ) Version/5.1 Mobile/9B176 Safari/7534.48.3"
243.78.213.45 - - [18/May/2016:11:32:59 +0500] "GET /?ag=fgqh HTTP/1.1" 200 4961 "-" "Mozilla/4.0 (compatible; MSIE 6.1; Windows XP; .NET CLR 1.1.4322; .NET CLR 2.0.50727)"
192.94.220.253 - - [18/May/2016:11:32:59 +0500] "GET /icons/apache_pb.gif HTTP/1.1" 200 2326 "http://ctf-ufa.ru/" "Mozilla/5.0 (iPad; CPU OS 5_1 like Mac OS X) AppleWebKit/534.46 (KHTML, like Gecko ) Version/5.1 Mobile/9B176 Safari/7534.48.3"
62.203.123.130 - - [18/May/2016:11:32:59 +0500] "GET /icons/apache_pb.gif HTTP/1.1" 200 2326 "http://ctf-ufa.ru/" "Mozilla/5.0 (Windows NT 6.1; WOW64; rv:40.0) Gecko/20100101 Firefox/40.1"
120.199.23.211 - - [18/May/2016:11:32:59 +0500] "GET /?fl=thkm HTTP/1.1" 200 4961 "-" "Mozilla/5.0 (IE 11.0; Windows NT 6.3; Trident/7.0; .NET4.0E; .NET4.0C; rv:11.0) like Gecko"
62.203.123.130 - - [18/May/2016:11:32:59 +0500] "GET /icons/poweredby.png HTTP/1.1" 200 3956 "http://ctf-ufa.ru/" "Mozilla/5.0 (Windows NT 6.1; WOW64; rv:40.0) Gecko/20100101 Firefox/40.1"
192.94.220.253 - - [18/May/2016:11:32:59 +0500] "GET /icons/poweredby.png HTTP/1.1" 200 3956 "http://ctf-ufa.ru/" "Mozilla/5.0 (iPad; CPU OS 5_1 like Mac OS X) AppleWebKit/534.46 (KHTML, like Gecko ) Version/5.1 Mobile/9B176 Safari/7534.48.3"
243.78.213.45 - - [18/May/2016:11:32:59 +0500] "GET /icons/apache_pb.gif HTTP/1.1" 200 2326 "http://ctf-ufa.ru/" "Mozilla/4.0 (compatible; MSIE 6.1; Windows XP; .NET CLR 1.1.4322; .NET CLR 2.0.50727)"
243.78.213.45 - - [18/May/2016:11:32:59 +0500] "GET /icons/poweredby.png HTTP/1.1" 200 3956 "http://ctf-ufa.ru/" "Mozilla/4.0 (compatible; MSIE 6.1; Windows XP; .NET CLR 1.1.4322; .NET CLR 2.0.50727)"
120.199.23.211 - - [18/May/2016:11:32:59 +0500] "GET /icons/apache_pb.gif HTTP/1.1" 200 2326 "http://ctf-ufa.ru/" "Mozilla/5.0 (IE 11.0; Windows NT 6.3; Trident/7.0; .NET4.0E; .NET4.0C; rv:11.0) like Gecko"
120.199.23.211 - - [18/May/2016:11:32:59 +0500] "GET /icons/poweredby.png HTTP/1.1" 200 3956 "http://ctf-ufa.ru/" "Mozilla/5.0 (IE 11.0; Windows NT 6.3; Trident/7.0; .NET4.0E; .NET4.0C; rv:11.0) like Gecko"
106.201.67.125 - - [18/May/2016:11:32:59 +0500] "GET /?ag=efqi HTTP/1.1" 200 4961 "-" "Mozilla/5.0 (iPad; CPU OS 5_1 like Mac OS X) AppleWebKit/534.46 (KHTML, like Gecko ) Version/5.1 Mobile/9B176 Safari/7534.48.3"
19.178.134.129 - - [18/May/2016:11:32:59 +0500] "GET /?ag=jyx HTTP/1.1" 200 4961 "-" "Mozilla/4.0 (Compatible; Windows NT 5.1; MSIE 6.0) (compatible; MSIE 6.0; Windows NT 5.1; .NET CLR 1.1.4322; .NET CLR 2.0.50727)"
248.53.104.82 - - [18/May/2016:11:32:59 +0500] "GET /?ag=xqa HTTP/1.1" 200 4961 "-" "Mozilla/5.0 (Windows NT 6.1; WOW64; rv:40.0) Gecko/20100101 Firefox/40.1"
106.201.67.125 - - [18/May/2016:11:32:59 +0500] "GET /icons/apache_pb.gif HTTP/1.1" 200 2326 "http://ctf-ufa.ru/" "Mozilla/5.0 (iPad; CPU OS 5_1 like Mac OS X) AppleWebKit/534.46 (KHTML, like Gecko ) Version/5.1 Mobile/9B176 Safari/7534.48.3"
19.178.134.129 - - [18/May/2016:11:32:59 +0500] "GET /icons/apache_pb.gif HTTP/1.1" 200 2326 "http://ctf-ufa.ru/" "Mozilla/4.0 (Compatible; Windows NT 5.1; MSIE 6.0) (compatible; MSIE 6.0; Windows NT 5.1; .NET CLR 1.1.4322; .NET CLR 2.0.50727)"
106.201.67.125 - - [18/May/2016:11:32:59 +0500] "GET /icons/poweredby.png HTTP/1.1" 200 3956 "http://ctf-ufa.ru/" "Mozilla/5.0 (iPad; CPU OS 5_1 like Mac OS X) AppleWebKit/534.46 (KHTML, like Gecko ) Version/5.1 Mobile/9B176 Safari/7534.48.3"
132.194.69.136 - - [18/May/2016:11:32:59 +0500] "GET /?fl=gbi HTTP/1.1" 200 4961 "-" "Mozilla/4.0 (compatible; MSIE 8.0; Windows NT 6.1; WOW64; Trident/4.0; SLCC2; .NET CLR 2.0.50727; InfoPath.3; .NET4.0C; .NET4.0E; .NET CLR 3.5.30729; .NET CLR 3.0.30729; MS-RTC LM 8)"
252.239.63.249 - - [18/May/2016:11:32:59 +0500] "GET /?ag=inmd HTTP/1.1" 200 4961 "-" "Mozilla/5.0 (X11; Linux x86_64; rv:17.0) Gecko/20121202 Firefox/17.0 Iceweasel/17.0.1"
248.53.104.82 - - [18/May/2016:11:32:59 +0500] "GET /icons/apache_pb.gif HTTP/1.1" 200 2326 "http://ctf-ufa.ru/" "Mozilla/5.0 (Windows NT 6.1; WOW64; rv:40.0) Gecko/20100101 Firefox/40.1"
19.178.134.129 - - [18/May/2016:11:32:59 +0500] "GET /icons/poweredby.png HTTP/1.1" 200 3956 "http://ctf-ufa.ru/" "Mozilla/4.0 (Compatible; Windows NT 5.1; MSIE 6.0) (compatible; MSIE 6.0; Windows NT 5.1; .NET CLR 1.1.4322; .NET CLR 2.0.50727)"
248.53.104.82 - - [18/May/2016:11:32:59 +0500] "GET /icons/poweredby.png HTTP/1.1" 200 3956 "http://ctf-ufa.ru/" "Mozilla/5.0 (Windows NT 6.1; WOW64; rv:40.0) Gecko/20100101 Firefox/40.1"
132.194.69.136 - - [18/May/2016:11:32:59 +0500] "GET /icons/apache_pb.gif HTTP/1.1" 200 2326 "http://ctf-ufa.ru/" "Mozilla/4.0 (compatible; MSIE 8.0; Windows NT 6.1; WOW64; Trident/4.0; SLCC2; .NET CLR 2.0.50727; InfoPath.3; .NET4.0C; .NET4.0E; .NET CLR 3.5.30729; .NET CLR 3.0.30729; MS-RTC LM 8)"
252.239.63.249 - - [18/May/2016:11:32:59 +0500] "GET /icons/apache_pb.gif HTTP/1.1" 200 2326 "http://ctf-ufa.ru/" "Mozilla/5.0 (X11; Linux x86_64; rv:17.0) Gecko/20121202 Firefox/17.0 Iceweasel/17.0.1"
132.194.69.136 - - [18/May/2016:11:32:59 +0500] "GET /icons/poweredby.png HTTP/1.1" 200 3956 "http://ctf-ufa.ru/" "Mozilla/4.0 (compatible; MSIE 8.0; Windows NT 6.1; WOW64; Trident/4.0; SLCC2; .NET CLR 2.0.50727; InfoPath.3; .NET4.0C; .NET4.0E; .NET CLR 3.5.30729; .NET CLR 3.0.30729; MS-RTC LM 8)"
252.239.63.249 - - [18/May/2016:11:32:59 +0500] "GET /icons/poweredby.png HTTP/1.1" 200 3956 "http://ctf-ufa.ru/" "Mozilla/5.0 (X11; Linux x86_64; rv:17.0) Gecko/20121202 Firefox/17.0 Iceweasel/17.0.1"
83.167.20.226 - - [18/May/2016:11:32:59 +0500] "GET /?fl=ybji HTTP/1.1" 200 4961 "-" "Mozilla/5.0 (Linux; U; Android 2.3.5; zh-cn; HTC_IncredibleS_S710e Build/GRJ90) AppleWebKit/533.1 (KHTML, like Gecko) Version/4.0 Mobile Safari/533.1"
83.167.20.226 - - [18/May/2016:11:32:59 +0500] "GET /icons/apache_pb.gif HTTP/1.1" 200 2326 "http://ctf-ufa.ru/" "Mozilla/5.0 (Linux; U; Android 2.3.5; zh-cn; HTC_IncredibleS_S710e Build/GRJ90) AppleWebKit/533.1 (KHTML, like Gecko) Version/4.0 Mobile Safari/533.1"
207.124.102.106 - - [18/May/2016:11:32:59 +0500] "GET /?fl=rmr HTTP/1.1" 200 4961 "-" "curl/7.19.7 (x86_64-redhat-linux-gnu) libcurl/7.19.7 NSS/3.19.1 Basic ECC zlib/1.2.3 libidn/1.18 libssh2/1.4.2"
83.167.20.226 - - [18/May/2016:11:32:59 +0500] "GET /icons/poweredby.png HTTP/1.1" 200 3956 "http://ctf-ufa.ru/" "Mozilla/5.0 (Linux; U; Android 2.3.5; zh-cn; HTC_IncredibleS_S710e Build/GRJ90) AppleWebKit/533.1 (KHTML, like Gecko) Version/4.0 Mobile Safari/533.1"
76.241.193.81 - - [18/May/2016:11:32:59 +0500] "GET /?fl=tnep HTTP/1.1" 200 4961 "-" "Mozilla/5.0 (X11; Linux x86_64) AppleWebKit/537.36 (KHTML, like Gecko) Chrome/50.0.2661.102 Safari/537.36"
76.241.193.81 - - [18/May/2016:11:32:59 +0500] "GET /icons/apache_pb.gif HTTP/1.1" 200 2326 "http://ctf-ufa.ru/" "Mozilla/5.0 (X11; Linux x86_64) AppleWebKit/537.36 (KHTML, like Gecko) Chrome/50.0.2661.102 Safari/537.36"
76.241.193.81 - - [18/May/2016:11:32:59 +0500] "GET /icons/poweredby.png HTTP/1.1" 200 3956 "http://ctf-ufa.ru/" "Mozilla/5.0 (X11; Linux x86_64) AppleWebKit/537.36 (KHTML, like Gecko) Chrome/50.0.2661.102 Safari/537.36"
89.214.27.210 - - [18/May/2016:11:32:59 +0500] "GET /?ag=kyp HTTP/1.1" 200 4961 "-" "Mozilla/5.0 (iPhone; U; CPU iPhone OS 5_1_1 like Mac OS X; en) AppleWebKit/534.46.0 (KHTML, like Gecko) CriOS/19.0.1084.60 Mobile/9B206 Safari/7534.48.3"
207.124.102.106 - - [18/May/2016:11:32:59 +0500] "GET /icons/apache_pb.gif HTTP/1.1" 200 2326 "http://ctf-ufa.ru/" "curl/7.19.7 (x86_64-redhat-linux-gnu) libcurl/7.19.7 NSS/3.19.1 Basic ECC zlib/1.2.3 libidn/1.18 libssh2/1.4.2"
207.124.102.106 - - [18/May/2016:11:32:59 +0500] "GET /icons/poweredby.png HTTP/1.1" 200 3956 "http://ctf-ufa.ru/" "curl/7.19.7 (x86_64-redhat-linux-gnu) libcurl/7.19.7 NSS/3.19.1 Basic ECC zlib/1.2.3 libidn/1.18 libssh2/1.4.2"
89.214.27.210 - - [18/May/2016:11:32:59 +0500] "GET /icons/apache_pb.gif HTTP/1.1" 200 2326 "http://ctf-ufa.ru/" "Mozilla/5.0 (iPhone; U; CPU iPhone OS 5_1_1 like Mac OS X; en) AppleWebKit/534.46.0 (KHTML, like Gecko) CriOS/19.0.1084.60 Mobile/9B206 Safari/7534.48.3"
16.111.140.77 - - [18/May/2016:11:32:59 +0500] "GET /?ag=bcnj HTTP/1.1" 200 4961 "-" "Mozilla/5.0 (Macintosh; Intel Mac OS X 10_9_3) AppleWebKit/537.75.14 (KHTML, like Gecko) Version/7.0.3 Safari/7046A194A"
89.214.27.210 - - [18/May/2016:11:33:00 +0500] "GET /icons/poweredby.png HTTP/1.1" 200 3956 "http://ctf-ufa.ru/" "Mozilla/5.0 (iPhone; U; CPU iPhone OS 5_1_1 like Mac OS X; en) AppleWebKit/534.46.0 (KHTML, like Gecko) CriOS/19.0.1084.60 Mobile/9B206 Safari/7534.48.3"
134.234.223.123 - - [18/May/2016:11:33:00 +0500] "GET /?fl=pfg HTTP/1.1" 200 4961 "-" "Mozilla/5.0 (IE 11.0; Windows NT 6.3; Trident/7.0; .NET4.0E; .NET4.0C; rv:11.0) like Gecko"
16.111.140.77 - - [18/May/2016:11:33:00 +0500] "GET /icons/apache_pb.gif HTTP/1.1" 200 2326 "http://ctf-ufa.ru/" "Mozilla/5.0 (Macintosh; Intel Mac OS X 10_9_3) AppleWebKit/537.75.14 (KHTML, like Gecko) Version/7.0.3 Safari/7046A194A"
16.111.140.77 - - [18/May/2016:11:33:00 +0500] "GET /icons/poweredby.png HTTP/1.1" 200 3956 "http://ctf-ufa.ru/" "Mozilla/5.0 (Macintosh; Intel Mac OS X 10_9_3) AppleWebKit/537.75.14 (KHTML, like Gecko) Version/7.0.3 Safari/7046A194A"
246.91.48.160 - - [18/May/2016:11:33:00 +0500] "GET /?ag=qixi HTTP/1.1" 200 4961 "-" "Mozilla/4.0 (Compatible; Windows NT 5.1; MSIE 6.0) (compatible; MSIE 6.0; Windows NT 5.1; .NET CLR 1.1.4322; .NET CLR 2.0.50727)"
134.234.223.123 - - [18/May/2016:11:33:00 +0500] "GET /icons/apache_pb.gif HTTP/1.1" 200 2326 "http://ctf-ufa.ru/" "Mozilla/5.0 (IE 11.0; Windows NT 6.3; Trident/7.0; .NET4.0E; .NET4.0C; rv:11.0) like Gecko"
134.234.223.123 - - [18/May/2016:11:33:00 +0500] "GET /icons/poweredby.png HTTP/1.1" 200 3956 "http://ctf-ufa.ru/" "Mozilla/5.0 (IE 11.0; Windows NT 6.3; Trident/7.0; .NET4.0E; .NET4.0C; rv:11.0) like Gecko"
82.13.37.178 - - [18/May/2016:11:33:00 +0500] "GET /?ag=bgp HTTP/1.1" 200 4961 "-" "Mozilla/5.0 (X11; Linux x86_64; rv:17.0) Gecko/20121202 Firefox/17.0 Iceweasel/17.0.1"
246.91.48.160 - - [18/May/2016:11:33:00 +0500] "GET /icons/apache_pb.gif HTTP/1.1" 200 2326 "http://ctf-ufa.ru/" "Mozilla/4.0 (Compatible; Windows NT 5.1; MSIE 6.0) (compatible; MSIE 6.0; Windows NT 5.1; .NET CLR 1.1.4322; .NET CLR 2.0.50727)"
246.91.48.160 - - [18/May/2016:11:33:00 +0500] "GET /icons/poweredby.png HTTP/1.1" 200 3956 "http://ctf-ufa.ru/" "Mozilla/4.0 (Compatible; Windows NT 5.1; MSIE 6.0) (compatible; MSIE 6.0; Windows NT 5.1; .NET CLR 1.1.4322; .NET CLR 2.0.50727)"
82.13.37.178 - - [18/May/2016:11:33:00 +0500] "GET /icons/apache_pb.gif HTTP/1.1" 200 2326 "http://ctf-ufa.ru/" "Mozilla/5.0 (X11; Linux x86_64; rv:17.0) Gecko/20121202 Firefox/17.0 Iceweasel/17.0.1"
82.13.37.178 - - [18/May/2016:11:33:00 +0500] "GET /icons/poweredby.png HTTP/1.1" 200 3956 "http://ctf-ufa.ru/" "Mozilla/5.0 (X11; Linux x86_64; rv:17.0) Gecko/20121202 Firefox/17.0 Iceweasel/17.0.1"
195.57.192.229 - - [18/May/2016:11:33:00 +0500] "GET /?fl=clyf HTTP/1.1" 200 4961 "-" "Mozilla/5.0 (Macintosh; Intel Mac OS X 10_9_3) AppleWebKit/537.75.14 (KHTML, like Gecko) Version/7.0.3 Safari/7046A194A"
91.14.98.111 - - [18/May/2016:11:33:00 +0500] "GET /?ag=ntm HTTP/1.1" 200 4961 "-" "Mozilla/5.0 (X11; Linux x86_64) AppleWebKit/537.36 (KHTML, like Gecko) Chrome/50.0.2661.102 Safari/537.36"
195.57.192.229 - - [18/May/2016:11:33:00 +0500] "GET /icons/apache_pb.gif HTTP/1.1" 200 2326 "http://ctf-ufa.ru/" "Mozilla/5.0 (Macintosh; Intel Mac OS X 10_9_3) AppleWebKit/537.75.14 (KHTML, like Gecko) Version/7.0.3 Safari/7046A194A"
91.14.98.111 - - [18/May/2016:11:33:00 +0500] "GET /icons/apache_pb.gif HTTP/1.1" 200 2326 "http://ctf-ufa.ru/" "Mozilla/5.0 (X11; Linux x86_64) AppleWebKit/537.36 (KHTML, like Gecko) Chrome/50.0.2661.102 Safari/537.36"
195.57.192.229 - - [18/May/2016:11:33:00 +0500] "GET /icons/poweredby.png HTTP/1.1" 200 3956 "http://ctf-ufa.ru/" "Mozilla/5.0 (Macintosh; Intel Mac OS X 10_9_3) AppleWebKit/537.75.14 (KHTML, like Gecko) Version/7.0.3 Safari/7046A194A"
91.14.98.111 - - [18/May/2016:11:33:00 +0500] "GET /icons/poweredby.png HTTP/1.1" 200 3956 "http://ctf-ufa.ru/" "Mozilla/5.0 (X11; Linux x86_64) AppleWebKit/537.36 (KHTML, like Gecko) Chrome/50.0.2661.102 Safari/537.36"
156.87.138.153 - - [18/May/2016:11:33:00 +0500] "GET /?ag=qngo HTTP/1.1" 200 4961 "-" "Mozilla/5.0 (X11; Linux i686; rv:30.0) Gecko/20100101 Firefox/30.0"
156.87.138.153 - - [18/May/2016:11:33:00 +0500] "GET /icons/apache_pb.gif HTTP/1.1" 200 2326 "http://ctf-ufa.ru/" "Mozilla/5.0 (X11; Linux i686; rv:30.0) Gecko/20100101 Firefox/30.0"
156.87.138.153 - - [18/May/2016:11:33:00 +0500] "GET /icons/poweredby.png HTTP/1.1" 200 3956 "http://ctf-ufa.ru/" "Mozilla/5.0 (X11; Linux i686; rv:30.0) Gecko/20100101 Firefox/30.0"
47.202.163.74 - - [18/May/2016:11:33:00 +0500] "GET /?fl=iiq HTTP/1.1" 200 4961 "-" "Mozilla/5.0 (Linux; U; Android 4.0.3; ko-kr; LG-L160L Build/IML74K) AppleWebkit/534.30 (KHTML, like Gecko) Version/4.0 Mobile Safari/534.30"
104.38.253.150 - - [18/May/2016:11:33:00 +0500] "GET /?ag=cnl HTTP/1.1" 200 4961 "-" "Mozilla/5.0 (Macintosh; Intel Mac OS X 10_10_1) AppleWebKit/537.36 (KHTML, like Gecko) Chrome/41.0.2227.1 Safari/537.36"
47.202.163.74 - - [18/May/2016:11:33:00 +0500] "GET /icons/apache_pb.gif HTTP/1.1" 200 2326 "http://ctf-ufa.ru/" "Mozilla/5.0 (Linux; U; Android 4.0.3; ko-kr; LG-L160L Build/IML74K) AppleWebkit/534.30 (KHTML, like Gecko) Version/4.0 Mobile Safari/534.30"
121.223.124.217 - - [18/May/2016:11:33:00 +0500] "GET /?fl=rgrn HTTP/1.1" 200 4961 "-" "Mozilla/4.0 (compatible; MSIE 6.1; Windows XP; .NET CLR 1.1.4322; .NET CLR 2.0.50727)"
157.216.79.69 - - [18/May/2016:11:33:00 +0500] "GET /?ag=ean HTTP/1.1" 200 4961 "-" "Mozilla/5.0 (X11; Linux i686; rv:30.0) Gecko/20100101 Firefox/30.0"
47.202.163.74 - - [18/May/2016:11:33:00 +0500] "GET /icons/poweredby.png HTTP/1.1" 200 3956 "http://ctf-ufa.ru/" "Mozilla/5.0 (Linux; U; Android 4.0.3; ko-kr; LG-L160L Build/IML74K) AppleWebkit/534.30 (KHTML, like Gecko) Version/4.0 Mobile Safari/534.30"
104.38.253.150 - - [18/May/2016:11:33:00 +0500] "GET /icons/apache_pb.gif HTTP/1.1" 200 2326 "http://ctf-ufa.ru/" "Mozilla/5.0 (Macintosh; Intel Mac OS X 10_10_1) AppleWebKit/537.36 (KHTML, like Gecko) Chrome/41.0.2227.1 Safari/537.36"
104.38.253.150 - - [18/May/2016:11:33:00 +0500] "GET /icons/poweredby.png HTTP/1.1" 200 3956 "http://ctf-ufa.ru/" "Mozilla/5.0 (Macintosh; Intel Mac OS X 10_10_1) AppleWebKit/537.36 (KHTML, like Gecko) Chrome/41.0.2227.1 Safari/537.36"
121.223.124.217 - - [18/May/2016:11:33:00 +0500] "GET /icons/apache_pb.gif HTTP/1.1" 200 2326 "http://ctf-ufa.ru/" "Mozilla/4.0 (compatible; MSIE 6.1; Windows XP; .NET CLR 1.1.4322; .NET CLR 2.0.50727)"
157.216.79.69 - - [18/May/2016:11:33:00 +0500] "GET /icons/apache_pb.gif HTTP/1.1" 200 2326 "http://ctf-ufa.ru/" "Mozilla/5.0 (X11; Linux i686; rv:30.0) Gecko/20100101 Firefox/30.0"
157.216.79.69 - - [18/May/2016:11:33:00 +0500] "GET /icons/poweredby.png HTTP/1.1" 200 3956 "http://ctf-ufa.ru/" "Mozilla/5.0 (X11; Linux i686; rv:30.0) Gecko/20100101 Firefox/30.0"
121.223.124.217 - - [18/May/2016:11:33:00 +0500] "GET /icons/poweredby.png HTTP/1.1" 200 3956 "http://ctf-ufa.ru/" "Mozilla/4.0 (compatible; MSIE 6.1; Windows XP; .NET CLR 1.1.4322; .NET CLR 2.0.50727)"
